This is pdfTeX, Version 3.141592653-2.6-1.40.24 (MiKTeX 22.10) (preloaded format=pdflatex 2023.4.1)  10 AUG 2024 18:58
entering extended mode
 restricted \write18 enabled.
 %&-line parsing enabled.
**"C:/Users/visikom/Downloads/New folder (15)/ta-bisindo/ta-bisindo/lainnya/lem
bar-pengesahan.tex"

(C:/Users/visikom/Downloads/New folder (15)/ta-bisindo/ta-bisindo/lainnya/lemba
r-pengesahan.tex
LaTeX2e <2022-06-01> patch level 5
L3 programming layer <2022-09-28>

! LaTeX Error: Missing \begin{document}.

See the LaTeX manual or LaTeX Companion for explanation.
Type  H <return>  for immediate help.
 ...                                              
                                                  
l.1 \begin{center}
                  
? 
! Emergency stop.
 ...                                              
                                                  
l.1 \begin{center}
                  
You're in trouble here.  Try typing  <return>  to proceed.
If that doesn't work, type  X <return>  to quit.

 
Here is how much of TeX's memory you used:
 20 strings out of 475385
 819 string characters out of 2775964
 340166 words of memory out of 3000000
 21499 multiletter control sequences out of 15000+600000
 469259 words of font info for 28 fonts, out of 8000000 for 9000
 1141 hyphenation exceptions out of 8191
 15i,0n,12p,143b,24s stack positions out of 10000i,1000n,20000p,200000b,80000s
!  ==> Fatal error occurred, no output PDF file produced!
